This is pdfTeX, Version 3.141592653-2.6-1.40.28 (TeX Live 2025) (preloaded format=pdflatex 2025.11.29)  3 DEC 2025 19:29
entering extended mode
 restricted \write18 enabled.
 %&-line parsing enabled.
**CCMnet_vignette.tex
(./CCMnet_vignette.tex
LaTeX2e <2025-11-01>
L3 programming layer <2025-11-14>
(/Users/ravigoyal/Library/TinyTeX/texmf-dist/tex/latex/base/article.cls
Document Class: article 2025/01/22 v1.4n Standard LaTeX document class
(/Users/ravigoyal/Library/TinyTeX/texmf-dist/tex/latex/base/size10.clo
File: size10.clo 2025/01/22 v1.4n Standard LaTeX file (size option)
)
\c@part=\count275
\c@section=\count276
\c@subsection=\count277
\c@subsubsection=\count278
\c@paragraph=\count279
\c@subparagraph=\count280
\c@figure=\count281
\c@table=\count282
\abovecaptionskip=\skip49
\belowcaptionskip=\skip50
\bibindent=\dimen148
) (/Users/ravigoyal/Library/TinyTeX/texmf-dist/tex/latex/graphics/graphicx.sty
Package: graphicx 2024/12/31 v1.2e Enhanced LaTeX Graphics (DPC,SPQR)
 (/Users/ravigoyal/Library/TinyTeX/texmf-dist/tex/latex/graphics/keyval.sty
Package: keyval 2022/05/29 v1.15 key=value parser (DPC)
\KV@toks@=\toks17
) (/Users/ravigoyal/Library/TinyTeX/texmf-dist/tex/latex/graphics/graphics.sty
Package: graphics 2024/08/06 v1.4g Standard LaTeX Graphics (DPC,SPQR)
 (/Users/ravigoyal/Library/TinyTeX/texmf-dist/tex/latex/graphics/trig.sty
Package: trig 2023/12/02 v1.11 sin cos tan (DPC)
) (/Users/ravigoyal/Library/TinyTeX/texmf-dist/tex/latex/graphics-cfg/graphics.cfg
File: graphics.cfg 2016/06/04 v1.11 sample graphics configuration
)
Package graphics Info: Driver file: pdftex.def on input line 106.
 (/Users/ravigoyal/Library/TinyTeX/texmf-dist/tex/latex/graphics-def/pdftex.def
File: pdftex.def 2025/09/29 v1.2d Graphics/color driver for pdftex
))
\Gin@req@height=\dimen149
\Gin@req@width=\dimen150
) (/Users/ravigoyal/Library/TinyTeX/texmf-dist/tex/latex/xcolor/xcolor.sty
Package: xcolor 2024/09/29 v3.02 LaTeX color extensions (UK)
 (/Users/ravigoyal/Library/TinyTeX/texmf-dist/tex/latex/graphics-cfg/color.cfg
File: color.cfg 2016/01/02 v1.6 sample color configuration
)
Package xcolor Info: Driver file: pdftex.def on input line 274.
 (/Users/ravigoyal/Library/TinyTeX/texmf-dist/tex/latex/graphics/mathcolor.ltx)
Package xcolor Info: Model `cmy' substituted by `cmy0' on input line 1349.
Package xcolor Info: Model `hsb' substituted by `rgb' on input line 1353.
Package xcolor Info: Model `RGB' extended on input line 1365.
Package xcolor Info: Model `HTML' substituted by `rgb' on input line 1367.
Package xcolor Info: Model `Hsb' substituted by `hsb' on input line 1368.
Package xcolor Info: Model `tHsb' substituted by `hsb' on input line 1369.
Package xcolor Info: Model `HSB' substituted by `hsb' on input line 1370.
Package xcolor Info: Model `Gray' substituted by `gray' on input line 1371.
Package xcolor Info: Model `wave' substituted by `hsb' on input line 1372.
) (/Users/ravigoyal/Library/TinyTeX/texmf-dist/tex/latex/framed/framed.sty
Package: framed 2011/10/22 v 0.96: framed or shaded text with page breaks
\OuterFrameSep=\skip51
\fb@frw=\dimen151
\fb@frh=\dimen152
\FrameRule=\dimen153
\FrameSep=\dimen154
) (/Users/ravigoyal/Library/TinyTeX/texmf-dist/tex/latex/base/alltt.sty
Package: alltt 2024/07/07 v2.0g defines alltt environment
) (/Users/ravigoyal/Library/TinyTeX/texmf-dist/tex/latex/l3backend/l3backend-pdftex.def
File: l3backend-pdftex.def 2025-10-09 L3 backend support: PDF output (pdfTeX)
\l__color_backend_stack_int=\count283
) (./CCMnet_vignette.aux)
\openout1 = `CCMnet_vignette.aux'.

LaTeX Font Info:    Checking defaults for OML/cmm/m/it on input line 54.
LaTeX Font Info:    ... okay on input line 54.
LaTeX Font Info:    Checking defaults for OMS/cmsy/m/n on input line 54.
LaTeX Font Info:    ... okay on input line 54.
LaTeX Font Info:    Checking defaults for OT1/cmr/m/n on input line 54.
LaTeX Font Info:    ... okay on input line 54.
LaTeX Font Info:    Checking defaults for T1/cmr/m/n on input line 54.
LaTeX Font Info:    ... okay on input line 54.
LaTeX Font Info:    Checking defaults for TS1/cmr/m/n on input line 54.
LaTeX Font Info:    ... okay on input line 54.
LaTeX Font Info:    Checking defaults for OMX/cmex/m/n on input line 54.
LaTeX Font Info:    ... okay on input line 54.
LaTeX Font Info:    Checking defaults for U/cmr/m/n on input line 54.
LaTeX Font Info:    ... okay on input line 54.
 (/Users/ravigoyal/Library/TinyTeX/texmf-dist/tex/latex/epstopdf-pkg/epstopdf-base.sty
Package: epstopdf-base 2020-01-24 v2.11 Base part for package epstopdf
Package epstopdf-base Info: Redefining graphics rule for `.eps' on input line 485.
 (/Users/ravigoyal/Library/TinyTeX/texmf-dist/tex/latex/latexconfig/epstopdf-sys.cfg
File: epstopdf-sys.cfg 2010/07/13 v1.3 Configuration of (r)epstopdf for TeX Live
))
! Undefined control sequence.
l.55 \SweaveOpts
                {concordance=TRUE}
The control sequence at the end of the top line
of your error message was never \def'ed. If you have
misspelled it (e.g., `\hobx'), type `I' and the correct
spelling (e.g., `I\hbox'). Otherwise just continue,
and I'll forget about whatever was undefined.

[1

{/Users/ravigoyal/Library/TinyTeX/texmf-var/fonts/map/pdftex/updmap/pdftex.map}]
LaTeX Font Info:    External font `cmex10' loaded for size
(Font)              <12> on input line 60.
LaTeX Font Info:    External font `cmex10' loaded for size
(Font)              <8> on input line 60.
LaTeX Font Info:    External font `cmex10' loaded for size
(Font)              <6> on input line 60.
LaTeX Font Info:    Font shape `OT1/cmtt/bx/n' in size <10> not available
(Font)              Font shape `OT1/cmtt/m/n' tried instead on input line 66.

Overfull \hbox (43.49661pt too wide) in paragraph at lines 74--74
[]\OT1/cmtt/m/it/10 ## -- Attaching core tidyverse packages ------------------------ tidyverse
 []


Overfull \hbox (73.52634pt too wide) in paragraph at lines 74--74
\OT1/cmtt/m/it/10 ## -- Conflicts ------------------------------------------ tidyverse[]conflicts()
 []


Overfull \hbox (6.74693pt too wide) in paragraph at lines 74--74
\OT1/cmtt/m/it/10 ## i Use the conflicted package (<http://conflicted.r-lib.org/>) to
 []


Overfull \hbox (111.74602pt too wide) in paragraph at lines 149--149
[]  []\OT1/cmtt/m/n/10 scale_color_manual[][]([][]values[] []=[] []c[][]([][]"MCMC Sample"[] []=[] []"red"[][],[] []"Negative Binomial"[] []=[] []"blue"[][]))[] []+[][] 
 []


Overfull \hbox (95.99615pt too wide) in paragraph at lines 150--150
[]  []\OT1/cmtt/m/n/10 scale_fill_manual[][]([][]values[] []=[] []c[][]([][]"MCMC Sample"[] []=[] []"red"[][],[] []"Negative Binomial"[] []=[] []"blue"[][]))[][] 
 []

[2] [3]
Underfull \vbox (badness 10000) detected at line 152
 []


Underfull \vbox (badness 10000) detected at line 152
 []

[4]
<figure/edge_example-1.pdf, id=21, 505.89pt x 505.89pt>
File: figure/edge_example-1.pdf Graphic file (type pdf)
<use figure/edge_example-1.pdf>
Package pdftex.def Info: figure/edge_example-1.pdf  used on input line 153.
(pdftex.def)             Requested size: 345.0pt x 345.00414pt.

Overfull \hbox (15.0pt too wide) in paragraph at lines 153--154
[][] 
 []


Overfull \hbox (69.74638pt too wide) in paragraph at lines 169--169
[][]\OT1/cmtt/m/n/10 Prob_Distr_Params[[[][]2[][]]][] []<-[] []dnbinom[][]([][]0[][]:[][](population[][]-[][]1[][]),[] []size[][]=[][]1.017340[][],[] []mu[][]=[][]6.192894[][])[][] 
 []


Overfull \hbox (17.24684pt too wide) in paragraph at lines 218--218
[][]\OT1/cmtt/m/n/10 multi_pois[] []<-[] []t[][]([][]rmultinom[][](n_sim, population,[] []prob[] []= theoretical_pmf))[][] 
 []


Overfull \hbox (174.74547pt too wide) in paragraph at lines 238--238
[]    []\OT1/cmtt/m/n/10 title[] []=[] []"Degree Distribution: Empirical MCMC vs Theoretical Multinomial-Poisson (Degrees 0{9)"[][],[][] 
 []

[5 <./figure/edge_example-1.pdf>]
Underfull \vbox (badness 10000) detected at line 243
 []


Underfull \vbox (badness 10000) detected at line 243
 []

[6]
<figure/degree_example-1.pdf, id=36, 505.89pt x 505.89pt>
File: figure/degree_example-1.pdf Graphic file (type pdf)
<use figure/degree_example-1.pdf>
Package pdftex.def Info: figure/degree_example-1.pdf  used on input line 244.
(pdftex.def)             Requested size: 345.0pt x 345.00414pt.

Overfull \hbox (15.0pt too wide) in paragraph at lines 244--245
[][] 
 []

[7]
LaTeX Font Info:    Trying to load font information for OMS+cmtt on input line 294.
 (/Library/Frameworks/R.framework/Resources/share/texmf/tex/latex/omscmtt.fd
File: omscmtt.fd 
)
LaTeX Font Info:    Font shape `OMS/cmtt/m/n' in size <10> not available
(Font)              Font shape `OMS/cmsy/m/n' tried instead on input line 294.

Overfull \hbox (106.49606pt too wide) in paragraph at lines 295--295
[]  []\OT1/cmtt/m/n/10 multi_pois[] []<-[] []bind_cols[][](multi_pois,[] []rmultinom[][]([][]1[][],[] []rpois[][]([][]1[][],[][]20[][]),[] []prob[] []=[] []c[][]([][].3[][],[] [].6[][],[] [].1[][])))[][] 
 []


Overfull \hbox (80.24629pt too wide) in paragraph at lines 308--308
[]  []\OT1/cmtt/m/n/10 pivot_longer[][]([][]cols[] []=[] []c[][](M11, M12, M22),[] []names_to[] []=[] []"metric"[][],[] []values_to[] []=[] []"count"[][])[][] 
 []


Overfull \hbox (80.24629pt too wide) in paragraph at lines 313--313
[]  []\OT1/cmtt/m/n/10 pivot_longer[][]([][]cols[] []=[] []c[][](M11, M12, M22),[] []names_to[] []=[] []"metric"[][],[] []values_to[] []=[] []"count"[][])[][] 
 []


Overfull \hbox (27.74675pt too wide) in paragraph at lines 322--322
[]    []\OT1/cmtt/m/n/10 title[] []=[] []"Distribution of Edge Counts: MCMC vs Poisson Multinomial"[][],[][] 
 []

[8 <./figure/degree_example-1.pdf>] [9]
Underfull \vbox (badness 10000) detected at line 327
 []


Underfull \vbox (badness 10000) detected at line 327
 []

[10]
Underfull \vbox (badness 10000) detected at line 327
 []


Underfull \vbox (badness 10000) detected at line 327
 []

[11]
Underfull \vbox (badness 10000) detected at line 327
 []


Underfull \vbox (badness 10000) detected at line 327
 []

[12]
Underfull \vbox (badness 10000) detected at line 327
 []


Underfull \vbox (badness 10000) detected at line 327
 []

[13]
Underfull \vbox (badness 10000) detected at line 327
 []


Underfull \vbox (badness 10000) detected at line 327
 []

[14]
Underfull \vbox (badness 10000) detected at line 327
 []


Underfull \vbox (badness 10000) detected at line 327
 []

[15]
Underfull \vbox (badness 10000) detected at line 327
 []


Underfull \vbox (badness 10000) detected at line 327
 []

[16]
Underfull \vbox (badness 10000) detected at line 327
 []


Underfull \vbox (badness 10000) detected at line 327
 []

[17]
Underfull \vbox (badness 10000) detected at line 327
 []


Underfull \vbox (badness 10000) detected at line 327
 []

[18]
Underfull \vbox (badness 10000) detected at line 327
 []


Underfull \vbox (badness 10000) detected at line 327
 []

[19]
Underfull \vbox (badness 10000) detected at line 327
 []


Underfull \vbox (badness 10000) detected at line 327
 []

[20]
Underfull \vbox (badness 10000) detected at line 327
 []


Underfull \vbox (badness 10000) detected at line 327
 []

[21]
Underfull \vbox (badness 10000) detected at line 327
 []


Underfull \vbox (badness 10000) detected at line 327
 []

[22]
Underfull \vbox (badness 10000) detected at line 327
 []


Underfull \vbox (badness 10000) detected at line 327
 []

[23]
Underfull \vbox (badness 10000) detected at line 327
 []


Underfull \vbox (badness 10000) detected at line 327
 []

[24]
Underfull \vbox (badness 10000) detected at line 327
 []


Underfull \vbox (badness 10000) detected at line 327
 []

[25]
Underfull \vbox (badness 10000) detected at line 327
 []


Underfull \vbox (badness 10000) detected at line 327
 []

[26]
Underfull \vbox (badness 10000) detected at line 327
 []


Underfull \vbox (badness 10000) detected at line 327
 []

[27]
Underfull \vbox (badness 10000) detected at line 327
 []


Underfull \vbox (badness 10000) detected at line 327
 []

[28]
Underfull \vbox (badness 10000) detected at line 327
 []


Underfull \vbox (badness 10000) detected at line 327
 []

[29]
Underfull \vbox (badness 10000) detected at line 327
 []


Underfull \vbox (badness 10000) detected at line 327
 []

[30]
Overfull \vbox (0.33334pt too high) detected at line 327
 []

[31]
<figure/mixing_example-1.pdf, id=126, 505.89pt x 505.89pt>
File: figure/mixing_example-1.pdf Graphic file (type pdf)
<use figure/mixing_example-1.pdf>
Package pdftex.def Info: figure/mixing_example-1.pdf  used on input line 328.
(pdftex.def)             Requested size: 345.0pt x 345.00414pt.

Overfull \hbox (15.0pt too wide) in paragraph at lines 328--329
[][] 
 []

[32] [33 <./figure/mixing_example-1.pdf>] (./CCMnet_vignette.aux)
 ***********
LaTeX2e <2025-11-01>
L3 programming layer <2025-11-14>
 ***********
 ) 
Here is how much of TeX's memory you used:
 1656 strings out of 469519
 27677 string characters out of 5468802
 497670 words of memory out of 5000000
 30324 multiletter control sequences out of 15000+600000
 631697 words of font info for 54 fonts, out of 8000000 for 9000
 14 hyphenation exceptions out of 8191
 57i,6n,67p,17132b,309s stack positions out of 10000i,1000n,20000p,200000b,200000s
</Users/ravigoyal/Library/TinyTeX/texmf-dist/fonts/type1/public/amsfonts/cm/cmbx12.pfb></Users/ravigoyal/Library/TinyTeX/texmf-dist/fonts/type1/public/amsfonts/cm/cmitt10.pfb></Users/ravigoyal/Library/TinyTeX/texmf-dist/fonts/type1/public/amsfonts/cm/cmr10.pfb></Users/ravigoyal/Library/TinyTeX/texmf-dist/fonts/type1/public/amsfonts/cm/cmr12.pfb></Users/ravigoyal/Library/TinyTeX/texmf-dist/fonts/type1/public/amsfonts/cm/cmr17.pfb></Users/ravigoyal/Library/TinyTeX/texmf-dist/fonts/type1/public/amsfonts/cm/cmsy10.pfb></Users/ravigoyal/Library/TinyTeX/texmf-dist/fonts/type1/public/amsfonts/cm/cmtt10.pfb>
Output written on CCMnet_vignette.pdf (33 pages, 228337 bytes).
PDF statistics:
 173 PDF objects out of 1000 (max. 8388607)
 116 compressed objects within 2 object streams
 0 named destinations out of 1000 (max. 500000)
 16 words of extra memory for PDF output out of 10000 (max. 10000000)

